PREHOOK: query: CREATE TABLE SIMPLE_HIVE_TABLE1 (ikey INT, bkey BIGINT, fkey FLOAT, dkey DOUBLE )
PREHOOK: type: CREATETABLE
PREHOOK: Output: database:default
PREHOOK: Output: default@SIMPLE_HIVE_TABLE1
POSTHOOK: query: CREATE TABLE SIMPLE_HIVE_TABLE1 (ikey INT, bkey BIGINT, fkey FLOAT, dkey DOUBLE )
POSTHOOK: type: CREATETABLE
POSTHOOK: Output: database:default
POSTHOOK: Output: default@SIMPLE_HIVE_TABLE1
PREHOOK: query: CREATE TEMPORARY FUNCTION dboutput AS 'org.apache.hadoop.hive.contrib.genericudf.example.GenericUDFDBOutput'
PREHOOK: type: CREATEFUNCTION
PREHOOK: Output: dboutput
POSTHOOK: query: CREATE TEMPORARY FUNCTION dboutput AS 'org.apache.hadoop.hive.contrib.genericudf.example.GenericUDFDBOutput'
POSTHOOK: type: CREATEFUNCTION
POSTHOOK: Output: dboutput
PREHOOK: query: FROM src

#### A masked pattern was here ####
'CREATE TABLE SIMPLE_DERBY_TABLE1 ("ikey" INTEGER, "bkey" BIGINT, "fkey" FLOAT, "dkey" DOUBLE )' )

limit 1
PREHOOK: type: QUERY
PREHOOK: Input: default@src
#### A masked pattern was here ####
POSTHOOK: query: FROM src

#### A masked pattern was here ####
'CREATE TABLE SIMPLE_DERBY_TABLE1 ("ikey" INTEGER, "bkey" BIGINT, "fkey" FLOAT, "dkey" DOUBLE )' )

limit 1
POSTHOOK: type: QUERY
POSTHOOK: Input: default@src
#### A masked pattern was here ####
0
PREHOOK: query: FROM src

#### A masked pattern was here ####
'CREATE TABLE SIMPLE_DERBY_TABLE2 ("ikey" INTEGER, "bkey" BIGINT, "fkey" FLOAT, "dkey" DOUBLE )' )

limit 1
PREHOOK: type: QUERY
PREHOOK: Input: default@src
#### A masked pattern was here ####
POSTHOOK: query: FROM src

#### A masked pattern was here ####
'CREATE TABLE SIMPLE_DERBY_TABLE2 ("ikey" INTEGER, "bkey" BIGINT, "fkey" FLOAT, "dkey" DOUBLE )' )

limit 1
POSTHOOK: type: QUERY
POSTHOOK: Input: default@src
#### A masked pattern was here ####
0
PREHOOK: query: CREATE EXTERNAL TABLE ext_simple_derby_table1
(
 ikey int,
 bkey bigint,
 fkey float,
 dkey double
)
STORED BY 'org.apache.hive.storage.jdbc.JdbcStorageHandler'
TBLPROPERTIES (
                "hive.sql.database.type" = "DERBY",
                "hive.sql.jdbc.driver" = "org.apache.derby.jdbc.EmbeddedDriver",
#### A masked pattern was here ####
                "hive.sql.dbcp.username" = "APP",
                "hive.sql.dbcp.password" = "mine",
                "hive.sql.table" = "SIMPLE_DERBY_TABLE1",
                "hive.sql.dbcp.maxActive" = "1"
)
PREHOOK: type: CREATETABLE
PREHOOK: Output: database:default
PREHOOK: Output: default@ext_simple_derby_table1
POSTHOOK: query: CREATE EXTERNAL TABLE ext_simple_derby_table1
(
 ikey int,
 bkey bigint,
 fkey float,
 dkey double
)
STORED BY 'org.apache.hive.storage.jdbc.JdbcStorageHandler'
TBLPROPERTIES (
                "hive.sql.database.type" = "DERBY",
                "hive.sql.jdbc.driver" = "org.apache.derby.jdbc.EmbeddedDriver",
#### A masked pattern was here ####
                "hive.sql.dbcp.username" = "APP",
                "hive.sql.dbcp.password" = "mine",
                "hive.sql.table" = "SIMPLE_DERBY_TABLE1",
                "hive.sql.dbcp.maxActive" = "1"
)
POSTHOOK: type: CREATETABLE
POSTHOOK: Output: database:default
POSTHOOK: Output: default@ext_simple_derby_table1
PREHOOK: query: CREATE EXTERNAL TABLE ext_simple_derby_table2
(
 ikey int,
 bkey bigint,
 fkey float,
 dkey double
)
STORED BY 'org.apache.hive.storage.jdbc.JdbcStorageHandler'
TBLPROPERTIES (
                "hive.sql.database.type" = "DERBY",
                "hive.sql.jdbc.driver" = "org.apache.derby.jdbc.EmbeddedDriver",
#### A masked pattern was here ####
                "hive.sql.dbcp.username" = "APP",
                "hive.sql.dbcp.password" = "mine",
                "hive.sql.table" = "SIMPLE_DERBY_TABLE2",
                "hive.sql.dbcp.maxActive" = "1"
)
PREHOOK: type: CREATETABLE
PREHOOK: Output: database:default
PREHOOK: Output: default@ext_simple_derby_table2
POSTHOOK: query: CREATE EXTERNAL TABLE ext_simple_derby_table2
(
 ikey int,
 bkey bigint,
 fkey float,
 dkey double
)
STORED BY 'org.apache.hive.storage.jdbc.JdbcStorageHandler'
TBLPROPERTIES (
                "hive.sql.database.type" = "DERBY",
                "hive.sql.jdbc.driver" = "org.apache.derby.jdbc.EmbeddedDriver",
#### A masked pattern was here ####
                "hive.sql.dbcp.username" = "APP",
                "hive.sql.dbcp.password" = "mine",
                "hive.sql.table" = "SIMPLE_DERBY_TABLE2",
                "hive.sql.dbcp.maxActive" = "1"
)
POSTHOOK: type: CREATETABLE
POSTHOOK: Output: database:default
POSTHOOK: Output: default@ext_simple_derby_table2
PREHOOK: query: select * from ext_simple_derby_table1
PREHOOK: type: QUERY
PREHOOK: Input: default@ext_simple_derby_table1
#### A masked pattern was here ####
POSTHOOK: query: select * from ext_simple_derby_table1
POSTHOOK: type: QUERY
POSTHOOK: Input: default@ext_simple_derby_table1
#### A masked pattern was here ####
PREHOOK: query: explain select bkey from ext_simple_derby_table1 where 100 < ext_simple_derby_table1.ikey
PREHOOK: type: QUERY
POSTHOOK: query: explain select bkey from ext_simple_derby_table1 where 100 < ext_simple_derby_table1.ikey
POSTHOOK: type: QUERY
STAGE DEPENDENCIES:
  Stage-0 is a root stage

STAGE PLANS:
  Stage: Stage-0
    Fetch Operator
      limit: -1
      Processor Tree:
        TableScan
          alias: ext_simple_derby_table1
          properties:
            hive.sql.generated.query SELECT "bkey"
FROM "SIMPLE_DERBY_TABLE1"
WHERE 100 < "ikey"
            hive.sql.query SELECT "bkey"
FROM "SIMPLE_DERBY_TABLE1"
WHERE 100 < "ikey"
          Select Operator
            expressions: bkey (type: bigint)
            outputColumnNames: _col0
            ListSink

PREHOOK: query: select bkey from ext_simple_derby_table1 where 100 < ext_simple_derby_table1.ikey
PREHOOK: type: QUERY
PREHOOK: Input: default@ext_simple_derby_table1
#### A masked pattern was here ####
POSTHOOK: query: select bkey from ext_simple_derby_table1 where 100 < ext_simple_derby_table1.ikey
POSTHOOK: type: QUERY
POSTHOOK: Input: default@ext_simple_derby_table1
#### A masked pattern was here ####
PREHOOK: query: select count(*) from ext_simple_derby_table1
PREHOOK: type: QUERY
PREHOOK: Input: default@ext_simple_derby_table1
#### A masked pattern was here ####
POSTHOOK: query: select count(*) from ext_simple_derby_table1
POSTHOOK: type: QUERY
POSTHOOK: Input: default@ext_simple_derby_table1
#### A masked pattern was here ####
0
PREHOOK: query: select count (distinct bkey) from ext_simple_derby_table1
PREHOOK: type: QUERY
PREHOOK: Input: default@ext_simple_derby_table1
#### A masked pattern was here ####
POSTHOOK: query: select count (distinct bkey) from ext_simple_derby_table1
POSTHOOK: type: QUERY
POSTHOOK: Input: default@ext_simple_derby_table1
#### A masked pattern was here ####
0
PREHOOK: query: select dkey,fkey,bkey,ikey from ext_simple_derby_table1
PREHOOK: type: QUERY
PREHOOK: Input: default@ext_simple_derby_table1
#### A masked pattern was here ####
POSTHOOK: query: select dkey,fkey,bkey,ikey from ext_simple_derby_table1
POSTHOOK: type: QUERY
POSTHOOK: Input: default@ext_simple_derby_table1
#### A masked pattern was here ####
PREHOOK: query: select abs(dkey),abs(ikey),abs(fkey),abs(bkey) from ext_simple_derby_table1
PREHOOK: type: QUERY
PREHOOK: Input: default@ext_simple_derby_table1
#### A masked pattern was here ####
POSTHOOK: query: select abs(dkey),abs(ikey),abs(fkey),abs(bkey) from ext_simple_derby_table1
POSTHOOK: type: QUERY
POSTHOOK: Input: default@ext_simple_derby_table1
#### A masked pattern was here ####
PREHOOK: query: SELECT distinct dkey from ext_simple_derby_table1 where ikey = '100'
PREHOOK: type: QUERY
PREHOOK: Input: default@ext_simple_derby_table1
#### A masked pattern was here ####
POSTHOOK: query: SELECT distinct dkey from ext_simple_derby_table1 where ikey = '100'
POSTHOOK: type: QUERY
POSTHOOK: Input: default@ext_simple_derby_table1
#### A masked pattern was here ####
PREHOOK: query: SELECT count(*) FROM (select * from ext_simple_derby_table1) v WHERE ikey = 100
PREHOOK: type: QUERY
PREHOOK: Input: default@ext_simple_derby_table1
#### A masked pattern was here ####
POSTHOOK: query: SELECT count(*) FROM (select * from ext_simple_derby_table1) v WHERE ikey = 100
POSTHOOK: type: QUERY
POSTHOOK: Input: default@ext_simple_derby_table1
#### A masked pattern was here ####
0
PREHOOK: query: SELECT count(*) from ext_simple_derby_table1 having count(*) > 0
PREHOOK: type: QUERY
PREHOOK: Input: default@ext_simple_derby_table1
#### A masked pattern was here ####
POSTHOOK: query: SELECT count(*) from ext_simple_derby_table1 having count(*) > 0
POSTHOOK: type: QUERY
POSTHOOK: Input: default@ext_simple_derby_table1
#### A masked pattern was here ####
PREHOOK: query: select sum(8),8 from ext_simple_derby_table1 where ikey = 1 group by 2
PREHOOK: type: QUERY
PREHOOK: Input: default@ext_simple_derby_table1
#### A masked pattern was here ####
POSTHOOK: query: select sum(8),8 from ext_simple_derby_table1 where ikey = 1 group by 2
POSTHOOK: type: QUERY
POSTHOOK: Input: default@ext_simple_derby_table1
#### A masked pattern was here ####
PREHOOK: query: explain select ext_simple_derby_table1.fkey, ext_simple_derby_table2.dkey from ext_simple_derby_table1 join ext_simple_derby_table2 on
(ext_simple_derby_table1.ikey = ext_simple_derby_table2.ikey)
PREHOOK: type: QUERY
POSTHOOK: query: explain select ext_simple_derby_table1.fkey, ext_simple_derby_table2.dkey from ext_simple_derby_table1 join ext_simple_derby_table2 on
(ext_simple_derby_table1.ikey = ext_simple_derby_table2.ikey)
POSTHOOK: type: QUERY
STAGE DEPENDENCIES:
  Stage-0 is a root stage

STAGE PLANS:
  Stage: Stage-0
    Fetch Operator
      limit: -1
      Processor Tree:
        TableScan
          alias: ext_simple_derby_table1
          properties:
            hive.sql.generated.query SELECT "t"."fkey", "t0"."dkey"
FROM (SELECT *
FROM "SIMPLE_DERBY_TABLE1"
WHERE "ikey" IS NOT NULL) AS "t"
INNER JOIN (SELECT *
FROM "SIMPLE_DERBY_TABLE2"
WHERE "ikey" IS NOT NULL) AS "t0" ON "t"."ikey" = "t0"."ikey"
            hive.sql.query SELECT "t"."fkey", "t0"."dkey"
FROM (SELECT *
FROM "SIMPLE_DERBY_TABLE1"
WHERE "ikey" IS NOT NULL) AS "t"
INNER JOIN (SELECT *
FROM "SIMPLE_DERBY_TABLE2"
WHERE "ikey" IS NOT NULL) AS "t0" ON "t"."ikey" = "t0"."ikey"
          Select Operator
            expressions: fkey (type: double), dkey (type: double)
            outputColumnNames: _col0, _col1
            ListSink

PREHOOK: query: select ext_simple_derby_table1.fkey, ext_simple_derby_table2.dkey from ext_simple_derby_table1 join ext_simple_derby_table2 on
(ext_simple_derby_table1.ikey = ext_simple_derby_table2.ikey)
PREHOOK: type: QUERY
PREHOOK: Input: default@ext_simple_derby_table1
PREHOOK: Input: default@ext_simple_derby_table2
#### A masked pattern was here ####
POSTHOOK: query: select ext_simple_derby_table1.fkey, ext_simple_derby_table2.dkey from ext_simple_derby_table1 join ext_simple_derby_table2 on
(ext_simple_derby_table1.ikey = ext_simple_derby_table2.ikey)
POSTHOOK: type: QUERY
POSTHOOK: Input: default@ext_simple_derby_table1
POSTHOOK: Input: default@ext_simple_derby_table2
#### A masked pattern was here ####
